// Jest Snapshot v1, https://goo.gl/fbAQLP

exports[`matches snap 1`] = `null`;

exports[`matches snap 2`] = `null`;
